// Jest Snapshot v1, https://goo.gl/fbAQLP

exports[`Accordion changes the class when hovered 1`] = `
Array [
  <div
    className="ae"
  >
    Foo
  </div>,
  ",",
]
`;
